0 : _MulleObjCTaggedPointerIntegerNumber
1 : _MulleObjCTaggedPointerIntegerNumber
1848 : _MulleObjCTaggedPointerIntegerNumber
18.4799999999999999995836663657655662973411381244659423828125 : _MulleObjCLongDoubleNumber
-9223372036854775808 : _MulleObjCInt64Number
9223372036854775807 : _MulleObjCInt64Number
2.225073858507201383090232717332404064219215980462331830553327417e-308 : _MulleObjCLongDoubleNumber
1.797693134862315708145274237317043567980705675258449965989174768e+308 : _MulleObjCLongDoubleNumber
inf : _MulleObjCLongDoubleNumber
nan : _MulleObjCLongDoubleNumber
